21:39:21 INFO Device: NVIDIA GeForce RTX 4090, d_in=4096
21:39:21 INFO Grid: T=[8, 16, 32, 48, 64, 96, 128]  d_out=[1024, 2048, 3072, 4096]  hp=[0.0, 0.05]
21:39:21 INFO --- hp=0.0 d_out=1024 T=8 ---
21:39:21 INFO   kBm=128  40.38us  kBm=64  35.51us  64/128=1.137x ✓
21:39:21 INFO --- hp=0.0 d_out=1024 T=16 ---
21:39:21 INFO   kBm=128  40.39us  kBm=64  35.10us  64/128=1.151x ✓
21:39:21 INFO --- hp=0.0 d_out=1024 T=32 ---
21:39:21 INFO   kBm=128  40.31us  kBm=64  35.21us  64/128=1.145x ✓
21:39:21 INFO --- hp=0.0 d_out=1024 T=48 ---
21:39:21 INFO   kBm=128  40.65us  kBm=64  35.26us  64/128=1.153x ✓
21:39:21 INFO --- hp=0.0 d_out=1024 T=64 ---
21:39:21 INFO   kBm=128  40.44us  kBm=64  35.17us  64/128=1.150x ✓
21:39:21 INFO --- hp=0.0 d_out=1024 T=96 ---
21:39:21 INFO   kBm=128  40.58us  kBm=64  38.95us  64/128=1.042x ·
21:39:21 INFO --- hp=0.0 d_out=1024 T=128 ---
21:39:21 INFO   kBm=128  40.66us  kBm=64  51.42us  64/128=0.791x ×
21:39:21 INFO --- hp=0.0 d_out=2048 T=8 ---
21:39:21 INFO   kBm=128  40.42us  kBm=64  35.42us  64/128=1.141x ✓
21:39:21 INFO --- hp=0.0 d_out=2048 T=16 ---
21:39:22 INFO   kBm=128  40.45us  kBm=64  35.40us  64/128=1.143x ✓
21:39:22 INFO --- hp=0.0 d_out=2048 T=32 ---
21:39:22 INFO   kBm=128  36.70us  kBm=64  32.14us  64/128=1.142x ✓
21:39:22 INFO --- hp=0.0 d_out=2048 T=48 ---
21:39:22 INFO   kBm=128  36.90us  kBm=64  46.66us  64/128=0.791x ×
21:39:22 INFO --- hp=0.0 d_out=2048 T=64 ---
21:39:22 INFO   kBm=128  37.01us  kBm=64  46.57us  64/128=0.795x ×
21:39:22 INFO --- hp=0.0 d_out=2048 T=96 ---
21:39:22 INFO   kBm=128  47.21us  kBm=64  46.56us  64/128=1.014x ·
21:39:22 INFO --- hp=0.0 d_out=2048 T=128 ---
21:39:22 INFO   kBm=128  47.12us  kBm=64  46.97us  64/128=1.003x ·
21:39:22 INFO --- hp=0.0 d_out=3072 T=8 ---
21:39:22 INFO   kBm=128  36.82us  kBm=64  32.26us  64/128=1.142x ✓
21:39:22 INFO --- hp=0.0 d_out=3072 T=16 ---
21:39:22 INFO   kBm=128  36.85us  kBm=64  32.25us  64/128=1.143x ✓
21:39:22 INFO --- hp=0.0 d_out=3072 T=32 ---
21:39:22 INFO   kBm=128  36.94us  kBm=64  35.29us  64/128=1.047x ·
21:39:22 INFO --- hp=0.0 d_out=3072 T=48 ---
21:39:22 INFO   kBm=128  49.38us  kBm=64  46.90us  64/128=1.053x ✓
21:39:22 INFO --- hp=0.0 d_out=3072 T=64 ---
21:39:22 INFO   kBm=128  49.80us  kBm=64  46.63us  64/128=1.068x ✓
21:39:22 INFO --- hp=0.0 d_out=3072 T=96 ---
21:39:22 INFO   kBm=128  47.38us  kBm=64  49.26us  64/128=0.962x ·
21:39:22 INFO --- hp=0.0 d_out=3072 T=128 ---
21:39:22 INFO   kBm=128  47.54us  kBm=64  49.42us  64/128=0.962x ·
21:39:22 INFO --- hp=0.0 d_out=4096 T=8 ---
21:39:22 INFO   kBm=128  36.70us  kBm=64  32.15us  64/128=1.141x ✓
21:39:22 INFO --- hp=0.0 d_out=4096 T=16 ---
21:39:22 INFO   kBm=128  36.76us  kBm=64  42.11us  64/128=0.873x ×
21:39:22 INFO --- hp=0.0 d_out=4096 T=32 ---
21:39:22 INFO   kBm=128  37.18us  kBm=64  46.57us  64/128=0.798x ×
21:39:22 INFO --- hp=0.0 d_out=4096 T=48 ---
21:39:22 INFO   kBm=128  47.05us  kBm=64  46.80us  64/128=1.005x ·
21:39:22 INFO --- hp=0.0 d_out=4096 T=64 ---
21:39:22 INFO   kBm=128  47.04us  kBm=64  46.79us  64/128=1.005x ·
21:39:22 INFO --- hp=0.0 d_out=4096 T=96 ---
21:39:22 INFO   kBm=128  47.62us  kBm=64  51.76us  64/128=0.920x ×
21:39:22 INFO --- hp=0.0 d_out=4096 T=128 ---
21:39:22 INFO   kBm=128  47.81us  kBm=64  52.20us  64/128=0.916x ×
21:39:22 INFO --- hp=0.05 d_out=1024 T=8 ---
21:39:22 INFO   kBm=128  38.55us  kBm=64  33.20us  64/128=1.161x ✓
21:39:22 INFO --- hp=0.05 d_out=1024 T=16 ---
21:39:22 INFO   kBm=128  38.52us  kBm=64  33.61us  64/128=1.146x ✓
21:39:22 INFO --- hp=0.05 d_out=1024 T=32 ---
21:39:22 INFO   kBm=128  38.63us  kBm=64  33.42us  64/128=1.156x ✓
21:39:22 INFO --- hp=0.05 d_out=1024 T=48 ---
21:39:22 INFO   kBm=128  39.09us  kBm=64  33.82us  64/128=1.156x ✓
21:39:22 INFO --- hp=0.05 d_out=1024 T=64 ---
21:39:22 INFO   kBm=128  39.03us  kBm=64  33.20us  64/128=1.176x ✓
21:39:22 INFO --- hp=0.05 d_out=1024 T=96 ---
21:39:22 INFO   kBm=128  39.18us  kBm=64  37.20us  64/128=1.053x ✓
21:39:22 INFO --- hp=0.05 d_out=1024 T=128 ---
21:39:22 INFO   kBm=128  39.34us  kBm=64  48.71us  64/128=0.808x ×
21:39:22 INFO --- hp=0.05 d_out=2048 T=8 ---
21:39:22 INFO   kBm=128  39.21us  kBm=64  33.70us  64/128=1.163x ✓
21:39:22 INFO --- hp=0.05 d_out=2048 T=16 ---
21:39:22 INFO   kBm=128  39.30us  kBm=64  33.72us  64/128=1.165x ✓
21:39:22 INFO --- hp=0.05 d_out=2048 T=32 ---
21:39:22 INFO   kBm=128  39.66us  kBm=64  33.70us  64/128=1.177x ✓
21:39:22 INFO --- hp=0.05 d_out=2048 T=48 ---
21:39:23 INFO   kBm=128  40.01us  kBm=64  48.78us  64/128=0.820x ×
21:39:23 INFO --- hp=0.05 d_out=2048 T=64 ---
21:39:23 INFO   kBm=128  40.00us  kBm=64  48.75us  64/128=0.820x ×
21:39:23 INFO --- hp=0.05 d_out=2048 T=96 ---
21:39:23 INFO   kBm=128  50.49us  kBm=64  49.02us  64/128=1.030x ·
21:39:23 INFO --- hp=0.05 d_out=2048 T=128 ---
21:39:23 INFO   kBm=128  50.78us  kBm=64  48.90us  64/128=1.039x ·
21:39:23 INFO --- hp=0.05 d_out=3072 T=8 ---
21:39:23 INFO   kBm=128  40.22us  kBm=64  35.17us  64/128=1.144x ✓
21:39:23 INFO --- hp=0.05 d_out=3072 T=16 ---
21:39:23 INFO   kBm=128  40.25us  kBm=64  35.09us  64/128=1.147x ✓
21:39:23 INFO --- hp=0.05 d_out=3072 T=32 ---
21:39:23 INFO   kBm=128  40.43us  kBm=64  38.42us  64/128=1.052x ✓
21:39:23 INFO --- hp=0.05 d_out=3072 T=48 ---
21:39:23 INFO   kBm=128  51.88us  kBm=64  50.96us  64/128=1.018x ·
21:39:23 INFO --- hp=0.05 d_out=3072 T=64 ---
21:39:23 INFO   kBm=128  52.68us  kBm=64  50.86us  64/128=1.036x ·
21:39:23 INFO --- hp=0.05 d_out=3072 T=96 ---
21:39:23 INFO   kBm=128  51.44us  kBm=64  53.36us  64/128=0.964x ·
21:39:23 INFO --- hp=0.05 d_out=3072 T=128 ---
21:39:23 INFO   kBm=128  51.62us  kBm=64  53.42us  64/128=0.966x ·
21:39:23 INFO --- hp=0.05 d_out=4096 T=8 ---
21:39:23 INFO   kBm=128  39.24us  kBm=64  34.69us  64/128=1.131x ✓
21:39:23 INFO --- hp=0.05 d_out=4096 T=16 ---
21:39:23 INFO   kBm=128  39.35us  kBm=64  45.39us  64/128=0.867x ×
21:39:23 INFO --- hp=0.05 d_out=4096 T=32 ---
21:39:23 INFO   kBm=128  39.63us  kBm=64  50.28us  64/128=0.788x ×
21:39:23 INFO --- hp=0.05 d_out=4096 T=48 ---
21:39:23 INFO   kBm=128  50.12us  kBm=64  50.53us  64/128=0.992x ·
21:39:23 INFO --- hp=0.05 d_out=4096 T=64 ---
21:39:23 INFO   kBm=128  50.12us  kBm=64  50.42us  64/128=0.994x ·
21:39:23 INFO --- hp=0.05 d_out=4096 T=96 ---
21:39:23 INFO   kBm=128  50.76us  kBm=64  56.51us  64/128=0.898x ×
21:39:23 INFO --- hp=0.05 d_out=4096 T=128 ---
21:39:23 INFO   kBm=128  50.90us  kBm=64  56.56us  64/128=0.900x ×
21:39:23 INFO Wrote /root/Zip_kernel/cuda_kernel/logs/bench_r43_gate_sweep_20260427_213921.json
21:39:23 INFO Wrote /root/Zip_kernel/cuda_kernel/logs/bench_r43_gate_sweep_20260427_213921.md
