W0501 16:16:11.064000 8898 miniconda3/envs/zip/lib/python3.10/site-packages/torch/utils/cpp_extension.py:2425] TORCH_CUDA_ARCH_LIST is not set, all archs for visible cards are included for compilation. 
W0501 16:16:11.064000 8898 miniconda3/envs/zip/lib/python3.10/site-packages/torch/utils/cpp_extension.py:2425] If this is not desired, please set os.environ['TORCH_CUDA_ARCH_LIST'] to specific architectures.
================================================================================================
T=512 EXTENDED probe — 30 shapes × (default / sk=1 / sk=2) measured
================================================================================================

shape                       n_g   default      sk=1      sk=2       best  sk2 vs sk1   c6?
  0.6B/q 1024→2048            8     23.35     23.35     31.83      23.35      +36.31%     no
  0.6B/o 2048→1024           16     25.33     23.94     25.29      23.94       +5.62%    YES
  0.6B/dn 3072→1024          24     30.65     33.64     30.67      30.65       -8.85%    YES
  0.6B/gu 1024→6144           8     46.50     46.52     68.54      46.50      +47.35%     no
  1.7B/q 2048→2048           16     27.52     27.59     34.87      27.52      +26.37%     no
  1.7B/dn 6144→2048          48     66.26     71.07     66.30      66.26       -6.71%    YES
  1.7B/gu 2048→12288         16    116.50    116.63    168.24     116.50      +44.25%     no
  4B/q 2560→4096             20     49.58     49.56     72.23      49.56      +45.73%     no
  4B/o 4096→2560             32     77.55     66.58     77.47      66.58      +16.35%    YES
  4B/kv 2560→2048            20     34.22     34.21     38.73      34.21      +13.19%     no
  4B/dn 9728→2560            76    198.62    170.93    198.80     170.93      +16.31%    YES
  4B/gu 2560→19456           20    222.77    222.69    376.50     222.69      +69.07%     no
  8B/q 4096→4096             32     94.78     75.61     94.47      75.61      +24.94%    YES
  8B/kv 4096→2048            32     50.29     48.85     50.30      48.85       +2.96%    YES
  8B/o 4096→4096             32     97.39     77.88     97.23      77.88      +24.84%    YES
  8B/gu 4096→24576           32    669.93    445.02    671.31     445.02      +50.85%    YES
  8B/dn 12288→4096           96    292.25    249.08    292.14     249.08      +17.29%    YES
  14B/q 5120→5120            40    155.92    164.99    155.74     155.74       -5.61%    YES
  14B/kv 5120→2048           40     58.64     62.16     58.68      58.64       -5.60%    YES
  14B/o 5120→5120            40    155.93    165.44    155.94     155.93       -5.75%    YES
  14B/gu 5120→34816          40   1175.83   1468.12   1178.17    1175.83      -19.75%    YES
  14B/dn 17408→5120         136    545.01    659.17    544.77     544.77      -17.36%    YES
  32B/kv 5120→2048           40     58.52     61.99     58.55      58.52       -5.54%    YES
  32B/gu 5120→55296          40   2797.75   2574.96   2797.60    2574.96       +8.65%    YES
  32B/dn 27648→5120         216    926.47   1120.31    926.64     926.47      -17.29%    YES
  70B/q 8192→8192            64    403.11    356.72    404.98     356.72      +13.53%    YES
  70B/kv 8192→2048           64     83.39     93.27     83.18      83.18      -10.82%    YES
  70B/o 8192→8192            64    405.72    359.09    406.90     359.09      +13.32%    YES
  70B/gu 8192→57344          64   4894.72   4334.03   4894.70    4334.03      +12.94%    YES
  70B/dn 28672→8192         224   1422.30   1440.45   1433.56    1422.30       -0.48%     no

================================================================================================
ANALYSIS
================================================================================================

[1] Shapes where sk=2 wins >3% vs sk=1, but C.6 does NOT fire:
  (none — C.6 gate already captures all the available sk=2 wins)

[2] Shapes where C.6 fires (22/30):
  median sk=2 uplift vs sk=1: +7.78%
  range: +5.54% .. +19.75%

[3] Shapes where sk=2 REGRESSES >3% vs sk=1:
  (do NOT widen C.6 to include these)
    4B/gu 2560→19456           n_g=20   sk=2 vs sk=1: +69.07%
    8B/gu 4096→24576           n_g=32   sk=2 vs sk=1: +50.85%
    0.6B/gu 1024→6144          n_g=8    sk=2 vs sk=1: +47.35%
    4B/q 2560→4096             n_g=20   sk=2 vs sk=1: +45.73%
    1.7B/gu 2048→12288         n_g=16   sk=2 vs sk=1: +44.25%
    0.6B/q 1024→2048           n_g=8    sk=2 vs sk=1: +36.31%
    1.7B/q 2048→2048           n_g=16   sk=2 vs sk=1: +26.37%
    8B/q 4096→4096             n_g=32   sk=2 vs sk=1: +24.94%
    8B/o 4096→4096             n_g=32   sk=2 vs sk=1: +24.84%
    8B/dn 12288→4096           n_g=96   sk=2 vs sk=1: +17.29%
    4B/o 4096→2560             n_g=32   sk=2 vs sk=1: +16.35%
    4B/dn 9728→2560            n_g=76   sk=2 vs sk=1: +16.31%
    70B/q 8192→8192            n_g=64   sk=2 vs sk=1: +13.53%
    70B/o 8192→8192            n_g=64   sk=2 vs sk=1: +13.32%
    4B/kv 2560→2048            n_g=20   sk=2 vs sk=1: +13.19%
    70B/gu 8192→57344          n_g=64   sk=2 vs sk=1: +12.94%
    32B/gu 5120→55296          n_g=40   sk=2 vs sk=1: +8.65%
    0.6B/o 2048→1024           n_g=16   sk=2 vs sk=1: +5.62%
