base_rows=168, new_rows=168, common=168

bucket               hp    N    q_base     q_new     dq%   v9_base    v9_new     dv%    spdup
---------------------------------------------------------------------------------------------
decode(<=16)       hp=0   14     1.159     1.140   -1.6%     2.678     2.508   -6.4%   0.698x
decode(<=16)       hp>0   42     3.483     3.432   -1.5%    10.719    10.163   -5.2%   0.492x
mid(128..512)      hp=0    7     0.674     0.671   -0.3%     4.332     4.312   -0.5%   0.662x
mid(128..512)      hp>0   21     2.021     2.019   -0.1%    14.350    14.325   -0.2%   0.593x
prefill(>=1024)    hp=0   14     3.149     3.141   -0.3%    60.664    60.297   -0.6%   0.936x
prefill(>=1024)    hp>0   42     9.413     9.396   -0.2%   242.356   243.152   +0.3%   0.699x
small(32..64)      hp=0    7     0.668     0.667   -0.2%     1.577     1.498   -5.1%   0.640x
small(32..64)      hp>0   21     2.012     2.005   -0.3%     5.879     5.687   -3.3%   0.506x

--- TOP 10 per-case quant absolute reductions ---
  d_out= 4096 d_in=14336 bs= 2048 hp=0.05:  q   218.6us ->   212.7us (  -2.7%)  v9   2.385ms ->   2.379ms (  -0.3%)
  d_out=11008 d_in= 4096 bs=    1 hp=0.10:  q    44.3us ->    39.8us ( -10.0%)  v9   0.213ms ->   0.189ms ( -11.3%)
  d_out=11008 d_in= 4096 bs=    1 hp=0.05:  q    44.1us ->    39.8us (  -9.8%)  v9   0.214ms ->   0.191ms ( -10.6%)
  d_out=11008 d_in= 4096 bs=    1 hp=0.02:  q    43.9us ->    39.6us (  -9.7%)  v9   0.212ms ->   0.191ms (  -9.8%)
  d_out=28672 d_in= 4096 bs= 8192 hp=0.05:  q   158.3us ->   154.1us (  -2.6%)  v9  18.238ms ->  18.677ms (  +2.4%)
  d_out= 4096 d_in=11008 bs= 2048 hp=0.10:  q   159.3us ->   155.2us (  -2.6%)  v9   1.928ms ->   1.926ms (  -0.1%)
  d_out=11008 d_in= 4096 bs=    1 hp=0.00:  q    43.6us ->    39.6us (  -9.2%)  v9   0.132ms ->   0.115ms ( -12.8%)
  d_out=14336 d_in= 4096 bs=    1 hp=0.00:  q    43.6us ->    39.8us (  -8.6%)  v9   0.133ms ->   0.116ms ( -12.5%)
  d_out=28672 d_in= 4096 bs=    1 hp=0.10:  q    43.6us ->    39.8us (  -8.5%)  v9   0.215ms ->   0.191ms ( -10.9%)
  d_out=28672 d_in= 4096 bs= 8192 hp=0.02:  q   153.4us ->   149.7us (  -2.4%)  v9  17.752ms ->  18.180ms (  +2.4%)

--- TOP 5 per-case v9 regressions (if any) ---
  d_out= 4096 d_in=14336 bs=   16 hp=0.00:  q  189.6us ->  188.7us  v9   0.357 ->   0.386 (  +8.2%)
  d_out=28672 d_in= 4096 bs= 8192 hp=0.02:  q  153.4us ->  149.7us  v9  17.752 ->  18.180 (  +2.4%)
  d_out=28672 d_in= 4096 bs= 8192 hp=0.05:  q  158.3us ->  154.1us  v9  18.238 ->  18.677 (  +2.4%)
  d_out=28672 d_in= 4096 bs= 8192 hp=0.10:  q  153.2us ->  154.3us  v9  19.067 ->  19.519 (  +2.4%)
  d_out= 4096 d_in= 4096 bs= 2048 hp=0.00:  q   60.4us ->   58.8us  v9   0.478 ->   0.482 (  +0.9%)
