11:20:23 | DEBUG | log file: /root/Zip_kernel/triton/benchmarks/results/sweep_20260422_112023.log
11:20:23 | INFO  | V9 vs cuBLAS FP16 large-scale sweep
11:20:23 | INFO  | GPU: NVIDIA GeForce RTX 4090  |  torch=2.8.0+cu126  triton=3.4.0
11:20:23 | INFO  |  d_out   d_in    bs    hp     v9(ms)  fp16(ms)  quant(ms)  dense(ms) sparse(ms)   comb(ms)   speedup
11:20:25 | INFO  |   4096   4096     1  0.00     0.1420    0.0383     0.0625     0.0848     0.0000     0.0012     0.27x
11:20:26 | INFO  |   4096   4096    16  0.00     0.1503    0.0163     0.0625     0.0862     0.0000     0.0086     0.11x
11:20:28 | INFO  |   4096   4096    64  0.00     0.1497    0.0193     0.0622     0.0868     0.0000     0.0086     0.13x
11:20:29 | INFO  |   4096   4096   256  0.00     0.1635    0.0520     0.0619     0.0882     0.0000     0.0159     0.32x
11:20:31 | INFO  |   4096   4096  1024  0.00     0.4011    0.2171     0.0621     0.2884     0.0000     0.0531     0.54x
11:20:32 | INFO  |  11008   4096     1  0.00     0.1409    0.0966     0.0617     0.0866     0.0000     0.0012     0.69x
11:20:32 | INFO  |  11008   4096    16  0.00     0.1550    0.0994     0.0624     0.0943     0.0000     0.0087     0.64x
11:20:33 | INFO  |  11008   4096    64  0.00     0.1642    0.1038     0.0624     0.0955     0.0000     0.0107     0.63x
11:20:34 | INFO  |  11008   4096   256  0.00     0.3194    0.1675     0.0618     0.2220     0.0000     0.0386     0.52x
11:20:35 | INFO  |  11008   4096  1024  0.00     0.9731    0.5952     0.0626     0.7704     0.0000     0.1409     0.61x
11:20:37 | INFO  |   4096  11008     1  0.00     0.3327    0.0976     0.1080     0.2252     0.0000     0.0012     0.29x
11:20:39 | INFO  |   4096  11008    16  0.00     0.3810    0.0995     0.1518     0.2270     0.0000     0.0086     0.26x
11:20:40 | INFO  |   4096  11008    64  0.00     0.3848    0.1110     0.1520     0.2279     0.0000     0.0087     0.29x
11:20:42 | INFO  |   4096  11008   256  0.00     0.4007    0.1700     0.1523     0.2313     0.0000     0.0157     0.42x
11:20:44 | INFO  |   4096  11008  1024  0.00     0.9863    0.6094     0.1540     0.7720     0.0000     0.0540     0.62x
11:20:45 | INFO  | csv saved to /root/Zip_kernel/triton/benchmarks/results/sweep_20260422_112023.csv
11:20:45 | INFO  | md saved to /root/Zip_kernel/triton/benchmarks/results/sweep_20260422_112023.md
