09:56:19 | DEBUG | log file: /root/Zip_kernel/triton/benchmarks/results/sweep_20260422_095619.log
09:56:19 | INFO  | V9 vs cuBLAS FP16 large-scale sweep
09:56:19 | INFO  | GPU: NVIDIA GeForce RTX 4090  |  torch=2.8.0+cu126  triton=3.4.0
09:56:19 | INFO  |  d_out   d_in    bs    hp     v9(ms)  fp16(ms)  quant(ms)  dense(ms) sparse(ms)   comb(ms)   speedup
09:56:20 | INFO  |   4096   4096     1  0.00     0.1836    0.0389     0.0630     0.1016     0.0000     0.0022     0.21x
09:56:21 | INFO  |   4096   4096    16  0.00     0.2259    0.0167     0.1375     0.0876     0.0000     0.0089     0.07x
09:56:21 | INFO  |   4096   4096    64  0.00     0.2716    0.0197     0.1797     0.0885     0.0000     0.0090     0.07x
09:56:22 | INFO  |   4096   4096   512  0.00     0.3553    0.1112     0.1776     0.1508     0.0000     0.0275     0.31x
09:56:22 | INFO  |   4096   4096  2048  0.00     0.8497    0.4189     0.1789     0.5645     0.0000     0.1066     0.49x
09:56:23 | INFO  |   4096   4096  8192  0.00     3.0629    1.7615     0.3217     2.2287     0.0000     0.4402     0.58x
09:56:24 | INFO  |   4096   4096     1  0.02     0.2176    0.0385     0.0543     0.0870     0.0696     0.0146     0.18x
09:56:24 | INFO  |   4096   4096    16  0.02     0.2406    0.0168     0.1374     0.0879     0.0703     0.0219     0.07x
09:56:24 | INFO  |   4096   4096    64  0.02     0.2841    0.0197     0.1767     0.0886     0.0700     0.0217     0.07x
09:56:25 | INFO  |   4096   4096   512  0.02     0.3820    0.1109     0.1773     0.1504     0.0698     0.0349     0.29x
09:56:25 | INFO  |   4096   4096  2048  0.02     0.9131    0.4198     0.1778     0.5639     0.0704     0.1252     0.46x
09:56:26 | INFO  |   4096   4096  8192  0.02     3.5341    1.7105     0.3185     2.2323     0.1264     0.7939     0.48x
09:56:26 | INFO  |   4096   4096     1  0.05     0.2173    0.0181     0.0592     0.0955     0.0701     0.0144     0.08x
09:56:26 | INFO  |   4096   4096    16  0.05     0.2713    0.0181     0.1493     0.0957     0.0689     0.0216     0.07x
09:56:26 | INFO  |   4096   4096    64  0.05     0.3098    0.0198     0.1791     0.0894     0.0687     0.0223     0.06x
09:56:26 | INFO  |   4096   4096   512  0.05     0.3969    0.1124     0.1784     0.1514     0.0701     0.0351     0.28x
09:56:26 | INFO  |   4096   4096  2048  0.05     0.9439    0.4188     0.1789     0.5645     0.0707     0.1264     0.44x
09:56:27 | INFO  |   4096   4096  8192  0.05     3.6144    1.7210     0.3354     2.2369     0.1970     0.7896     0.48x
09:56:27 | INFO  |   4096   4096     1  0.10     0.2158    0.0171     0.0591     0.0949     0.0709     0.0146     0.08x
09:56:27 | INFO  |   4096   4096    16  0.10     0.2575    0.0164     0.1381     0.0879     0.0692     0.0217     0.06x
09:56:27 | INFO  |   4096   4096    64  0.10     0.3016    0.0202     0.1782     0.0887     0.0696     0.0217     0.07x
09:56:27 | INFO  |   4096   4096   512  0.10     0.4076    0.1115     0.1776     0.1508     0.0708     0.0349     0.27x
09:56:27 | INFO  |   4096   4096  2048  0.10     0.9722    0.4220     0.1782     0.5630     0.0954     0.1250     0.43x
09:56:27 | INFO  |   4096   4096  8192  0.10     3.7237    1.7152     0.3200     2.2445     0.3086     0.7939     0.46x
09:56:28 | INFO  |  11008   4096     1  0.00     0.1435    0.0970     0.0543     0.0898     0.0000     0.0015     0.68x
09:56:28 | INFO  |  11008   4096    16  0.00     0.2369    0.1003     0.1383     0.0969     0.0000     0.0089     0.42x
09:56:29 | INFO  |  11008   4096    64  0.00     0.2870    0.1043     0.1798     0.0978     0.0000     0.0110     0.36x
09:56:29 | INFO  |  11008   4096   512  0.00     0.6774    0.3206     0.1784     0.4285     0.0000     0.0715     0.47x
09:56:30 | INFO  |  11008   4096  2048  0.00     1.9943    1.2090     0.1790     1.5240     0.0000     0.2864     0.61x
09:56:31 | INFO  |  11008   4096  8192  0.00     7.6466    5.1657     0.3267     6.1799     0.0000     1.1936     0.68x
09:56:32 | INFO  |  11008   4096     1  0.02     0.2128    0.0972     0.0547     0.0885     0.0694     0.0146     0.46x
09:56:32 | INFO  |  11008   4096    16  0.02     0.2574    0.1001     0.1379     0.0976     0.0695     0.0217     0.39x
09:56:32 | INFO  |  11008   4096    64  0.02     0.3105    0.1043     0.1811     0.0981     0.0693     0.0217     0.34x
09:56:33 | INFO  |  11008   4096   512  0.02     0.7265    0.3207     0.1782     0.4278     0.0698     0.0853     0.44x
09:56:33 | INFO  |  11008   4096  2048  0.02     2.2473    1.2116     0.1788     1.5208     0.0748     0.4847     0.54x
09:56:35 | INFO  |  11008   4096  8192  0.02     8.9404    5.1585     0.3235     6.0490     0.4254     2.1925     0.58x
09:56:35 | INFO  |  11008   4096     1  0.05     0.2141    0.0728     0.0546     0.0902     0.0704     0.0146     0.34x
09:56:35 | INFO  |  11008   4096    16  0.05     0.2668    0.0995     0.1390     0.0975     0.0690     0.0218     0.37x
09:56:35 | INFO  |  11008   4096    64  0.05     0.3192    0.1039     0.1812     0.0981     0.0694     0.0217     0.33x
09:56:35 | INFO  |  11008   4096   512  0.05     0.7455    0.3222     0.1784     0.4281     0.0701     0.0857     0.43x
09:56:35 | INFO  |  11008   4096  2048  0.05     2.3103    1.1995     0.1791     1.5363     0.1249     0.4905     0.52x
09:56:36 | INFO  |  11008   4096  8192  0.05     9.0619    5.1917     0.3352     6.0481     0.5274     2.1669     0.57x
09:56:36 | INFO  |  11008   4096     1  0.10     0.2157    0.0725     0.0569     0.0896     0.0720     0.0171     0.34x
09:56:36 | INFO  |  11008   4096    16  0.10     0.2733    0.0997     0.1390     0.0965     0.0689     0.0217     0.36x
09:56:36 | INFO  |  11008   4096    64  0.10     0.3234    0.1048     0.1787     0.0975     0.0683     0.0215     0.32x
09:56:36 | INFO  |  11008   4096   512  0.10     0.7668    0.3228     0.1787     0.4281     0.0702     0.0857     0.42x
09:56:36 | INFO  |  11008   4096  2048  0.10     2.3872    1.2178     0.1791     1.5386     0.2003     0.4925     0.51x
09:56:37 | INFO  |  11008   4096  8192  0.10     9.3087    5.2109     0.3275     6.0930     0.8291     2.1673     0.56x
09:56:38 | INFO  |   4096  11008     1  0.00     0.3689    0.0982     0.1422     0.2282     0.0000     0.0015     0.27x
09:56:38 | INFO  |   4096  11008    16  0.00     0.6021    0.0996     0.3704     0.2306     0.0000     0.0091     0.17x
09:56:39 | INFO  |   4096  11008    64  0.00     0.7168    0.1107     0.4825     0.2306     0.0000     0.0090     0.15x
09:56:40 | INFO  |   4096  11008   512  0.00     0.9098    0.3198     0.4850     0.3962     0.0000     0.0282     0.35x
09:56:40 | INFO  |   4096  11008  2048  0.00     2.1387    1.1799     0.4877     1.5237     0.0000     0.1097     0.55x
09:56:42 | INFO  |   4096  11008  8192  0.00     7.9224    4.8223     1.3977     6.1706     0.0000     0.4506     0.61x
09:56:42 | INFO  |   4096  11008     1  0.02     0.3914    0.0983     0.1423     0.2285     0.0698     0.0146     0.25x
09:56:43 | INFO  |   4096  11008    16  0.02     0.6254    0.0999     0.3720     0.2304     0.0693     0.0216     0.16x
09:56:43 | INFO  |   4096  11008    64  0.02     0.7389    0.1116     0.4822     0.2307     0.0691     0.0219     0.15x
09:56:43 | INFO  |   4096  11008   512  0.02     0.9475    0.3188     0.4840     0.3955     0.0699     0.0354     0.34x
09:56:44 | INFO  |   4096  11008  2048  0.02     2.2157    1.2008     0.4848     1.5229     0.0698     0.1283     0.54x
09:56:45 | INFO  |   4096  11008  8192  0.02     8.3502    4.7445     1.4089     6.0912     0.1928     0.7922     0.57x
09:56:45 | INFO  |   4096  11008     1  0.05     0.4477    0.0725     0.1530     0.2454     0.0706     0.0146     0.16x
09:56:45 | INFO  |   4096  11008    16  0.05     0.6505    0.0999     0.3704     0.2308     0.0701     0.0218     0.15x
09:56:45 | INFO  |   4096  11008    64  0.05     0.7628    0.1112     0.4796     0.2309     0.0696     0.0217     0.15x
09:56:45 | INFO  |   4096  11008   512  0.05     0.9903    0.3195     0.4845     0.3962     0.0754     0.0351     0.32x
09:56:46 | INFO  |   4096  11008  2048  0.05     2.2895    1.2042     0.4847     1.5060     0.1240     0.1267     0.53x
09:56:47 | INFO  |   4096  11008  8192  0.05     8.5640    4.8133     1.4191     6.0875     0.3869     0.7857     0.56x
09:56:47 | INFO  |   4096  11008     1  0.10     0.4341    0.0734     0.1433     0.2303     0.0706     0.0147     0.17x
09:56:47 | INFO  |   4096  11008    16  0.10     0.6660    0.0996     0.3704     0.2307     0.0704     0.0222     0.15x
09:56:47 | INFO  |   4096  11008    64  0.10     0.7805    0.1110     0.4811     0.2313     0.0700     0.0218     0.14x
09:56:47 | INFO  |   4096  11008   512  0.10     1.0159    0.3200     0.4854     0.3963     0.1011     0.0352     0.32x
09:56:47 | INFO  |   4096  11008  2048  0.10     2.4258    1.2009     0.4853     1.5243     0.2063     0.1298     0.50x
09:56:48 | INFO  |   4096  11008  8192  0.10     8.8369    4.8589     1.3972     6.0996     0.6856     0.7869     0.55x
09:56:49 | INFO  |  14336   4096     1  0.00     0.1434    0.1260     0.0546     0.0888     0.0000     0.0015     0.88x
09:56:49 | INFO  |  14336   4096    16  0.00     0.2381    0.1286     0.1389     0.0968     0.0000     0.0090     0.54x
09:56:49 | INFO  |  14336   4096    64  0.00     0.2884    0.1414     0.1777     0.0978     0.0000     0.0140     0.49x
09:56:50 | INFO  |  14336   4096   512  0.00     0.7718    0.4140     0.1792     0.5000     0.0000     0.0921     0.54x
09:56:51 | INFO  |  14336   4096  2048  0.00     2.5323    1.5954     0.1830     2.0314     0.0000     0.3818     0.63x
09:56:53 | INFO  |  14336   4096  8192  0.00     9.9472    7.7322     0.3327     8.1002     0.0000     1.5386     0.78x
09:56:53 | INFO  |  14336   4096     1  0.02     0.2130    0.1260     0.0546     0.0888     0.0686     0.0148     0.59x
09:56:53 | INFO  |  14336   4096    16  0.02     0.2588    0.1285     0.1392     0.0969     0.0677     0.0221     0.50x
09:56:54 | INFO  |  14336   4096    64  0.02     0.3151    0.1418     0.1815     0.0982     0.0687     0.0216     0.45x
09:56:54 | INFO  |  14336   4096   512  0.02     0.8332    0.4123     0.1789     0.4974     0.0702     0.1089     0.49x
09:56:55 | INFO  |  14336   4096  2048  0.02     2.8890    1.5696     0.1793     1.9765     0.0980     0.6749     0.54x
09:56:56 | INFO  |  14336   4096  8192  0.02    11.4593    7.7653     0.3230     7.9469     0.5501     2.7578     0.68x
09:56:56 | INFO  |  14336   4096     1  0.05     0.2280    0.1083     0.0594     0.2554     0.0695     0.0148     0.47x
09:56:56 | INFO  |  14336   4096    16  0.05     0.2811    0.1284     0.1389     0.0964     0.0687     0.0218     0.46x
09:56:56 | INFO  |  14336   4096    64  0.05     0.3199    0.1419     0.1780     0.0984     0.0692     0.0220     0.44x
09:56:57 | INFO  |  14336   4096   512  0.05     0.8549    0.4127     0.1789     0.4992     0.0700     0.1092     0.48x
09:56:57 | INFO  |  14336   4096  2048  0.05     3.0173    1.5373     0.1817     1.9666     0.1575     0.6778     0.51x
09:56:58 | INFO  |  14336   4096  8192  0.05    11.7250    7.7808     0.3187     8.1359     0.6962     2.8661     0.66x
09:56:58 | INFO  |  14336   4096     1  0.10     0.2152    0.1089     0.0558     0.0913     0.0692     0.0148     0.51x
09:56:58 | INFO  |  14336   4096    16  0.10     0.2798    0.1284     0.1392     0.0972     0.0688     0.0219     0.46x
09:56:58 | INFO  |  14336   4096    64  0.10     0.3339    0.1412     0.1779     0.0982     0.0689     0.0218     0.42x
09:56:58 | INFO  |  14336   4096   512  0.10     0.8897    0.4086     0.1788     0.4977     0.0905     0.1090     0.46x
09:56:59 | INFO  |  14336   4096  2048  0.10     3.0733    1.5664     0.1806     1.9850     0.2643     0.6813     0.51x
09:57:00 | INFO  |  14336   4096  8192  0.10    12.0968    7.7517     0.3287     8.1425     1.0826     2.8522     0.64x
09:57:12 | INFO  |   4096  14336     1  0.00     0.4802    0.1264     0.1875     0.2944     0.0000     0.0015     0.26x
09:57:23 | INFO  |   4096  14336    16  0.00     0.7753    0.1281     0.4768     0.2979     0.0000     0.0091     0.17x
09:57:24 | INFO  |   4096  14336    64  0.00     0.9231    0.1432     0.6210     0.2985     0.0000     0.0091     0.16x
09:57:24 | INFO  |   4096  14336   512  0.00     1.1686    0.4115     0.6258     0.5156     0.0000     0.0276     0.35x
09:57:25 | INFO  |   4096  14336  2048  0.00     2.8232    1.5505     0.6955     1.9869     0.0000     0.1071     0.55x
09:57:27 | INFO  |   4096  14336  8192  0.00    10.2214    6.1422     1.8515     7.9110     0.0000     0.4453     0.60x
09:57:27 | INFO  |   4096  14336     1  0.02     0.5128    0.1265     0.1905     0.2959     0.0689     0.0149     0.25x
09:57:28 | INFO  |   4096  14336    16  0.02     0.8063    0.1284     0.4797     0.2979     0.0690     0.0215     0.16x
09:57:28 | INFO  |   4096  14336    64  0.02     0.9560    0.1452     0.6246     0.2999     0.0705     0.0215     0.15x
09:57:28 | INFO  |   4096  14336   512  0.02     1.2182    0.4119     0.6252     0.5147     0.0700     0.0351     0.34x
09:57:29 | INFO  |   4096  14336  2048  0.02     2.9146    1.5614     0.7276     1.9868     0.0726     0.1285     0.54x
09:57:30 | INFO  |   4096  14336  8192  0.02    10.6437    6.3452     1.8690     7.9529     0.2312     0.7967     0.60x
09:57:31 | INFO  |   4096  14336     1  0.05     0.6001    0.1068     0.1899     0.2969     0.0695     0.0149     0.18x
09:57:31 | INFO  |   4096  14336    16  0.05     0.8282    0.1282     0.4788     0.2974     0.0695     0.0219     0.15x
09:57:31 | INFO  |   4096  14336    64  0.05     0.9786    0.1443     0.6246     0.2993     0.0690     0.0221     0.15x
09:57:31 | INFO  |   4096  14336   512  0.05     1.2562    0.4141     0.6254     0.5156     0.0793     0.0359     0.33x
09:57:31 | INFO  |   4096  14336  2048  0.05     3.0118    1.5611     0.7107     2.0007     0.1472     0.1285     0.52x
09:57:32 | INFO  |   4096  14336  8192  0.05    10.9005    6.3086     1.8621     7.9984     0.4790     0.8018     0.58x
09:57:32 | INFO  |   4096  14336     1  0.10     0.5588    0.1080     0.1904     0.2955     0.0731     0.0146     0.19x
09:57:33 | INFO  |   4096  14336    16  0.10     0.8555    0.1281     0.4800     0.2982     0.0749     0.0217     0.15x
09:57:33 | INFO  |   4096  14336    64  0.10     1.0050    0.1438     0.6244     0.3000     0.0755     0.0220     0.14x
09:57:33 | INFO  |   4096  14336   512  0.10     1.3008    0.4145     0.6250     0.5157     0.1215     0.0353     0.32x
09:57:33 | INFO  |   4096  14336  2048  0.10     3.1362    1.5636     0.6350     1.9946     0.2604     0.1295     0.50x
09:57:34 | INFO  |   4096  14336  8192  0.10    11.3073    6.2564     1.8756     8.0458     0.8820     0.7965     0.55x
09:57:46 | INFO  |   8192   8192     1  0.00     0.2787    0.1436     0.1057     0.1745     0.0000     0.0015     0.52x
09:57:57 | INFO  |   8192   8192    16  0.00     0.4483    0.1498     0.2738     0.1727     0.0000     0.0091     0.33x
09:57:58 | INFO  |   8192   8192    64  0.00     0.5327    0.1572     0.3504     0.1742     0.0000     0.0090     0.30x
09:57:58 | INFO  |   8192   8192   512  0.00     0.9840    0.4432     0.3547     0.5764     0.0000     0.0529     0.45x
09:57:59 | INFO  |   8192   8192  2048  0.00     2.8193    1.7138     0.3578     2.2560     0.0000     0.2145     0.61x
09:58:01 | INFO  |   8192   8192  8192  0.00    11.0194    7.4266     1.0434     9.0908     0.0000     0.8955     0.67x
09:58:01 | INFO  |   8192   8192     1  0.02     0.3058    0.1436     0.1063     0.1754     0.0699     0.0150     0.47x
09:58:02 | INFO  |   8192   8192    16  0.02     0.4756    0.1509     0.2742     0.1741     0.0700     0.0220     0.32x
09:58:02 | INFO  |   8192   8192    64  0.02     0.5631    0.1559     0.3529     0.1758     0.0683     0.0221     0.28x
09:58:03 | INFO  |   8192   8192   512  0.02     1.0401    0.4450     0.3538     0.5750     0.0691     0.0641     0.43x
09:58:03 | INFO  |   8192   8192  2048  0.02     2.9951    1.7133     0.3585     2.2683     0.0859     0.3376     0.57x
09:58:05 | INFO  |   8192   8192  8192  0.02    11.8860    7.5837     1.0223     9.1269     0.3598     1.6066     0.64x
09:58:05 | INFO  |   8192   8192     1  0.05     0.3136    0.1286     0.1062     0.1754     0.0690     0.0147     0.41x
09:58:05 | INFO  |   8192   8192    16  0.05     0.4829    0.1511     0.2734     0.1741     0.0685     0.0220     0.31x
09:58:05 | INFO  |   8192   8192    64  0.05     0.5704    0.1577     0.3525     0.1754     0.0688     0.0216     0.28x
09:58:05 | INFO  |   8192   8192   512  0.05     1.0583    0.4484     0.3536     0.5753     0.0696     0.0642     0.42x
09:58:05 | INFO  |   8192   8192  2048  0.05     3.1726    1.6848     0.3584     2.2638     0.1585     0.3411     0.53x
09:58:07 | INFO  |   8192   8192  8192  0.05    12.1333    7.4361     1.0130     9.2902     0.6159     1.6019     0.61x
09:58:07 | INFO  |   8192   8192     1  0.10     0.3308    0.1300     0.1069     0.1766     0.0688     0.0148     0.39x
09:58:07 | INFO  |   8192   8192    16  0.10     0.5005    0.1512     0.2749     0.1747     0.0699     0.0218     0.30x
09:58:07 | INFO  |   8192   8192    64  0.10     0.5870    0.1559     0.3528     0.1752     0.0689     0.0219     0.27x
09:58:07 | INFO  |   8192   8192   512  0.10     1.1066    0.4519     0.3595     0.5753     0.0954     0.0651     0.41x
09:58:07 | INFO  |   8192   8192  2048  0.10     3.2291    1.7247     0.3636     2.2546     0.2798     0.3407     0.53x
09:58:09 | INFO  |   8192   8192  8192  0.10    12.6067    7.4379     1.0331     9.2942     1.0650     1.6018     0.59x
09:58:09 | INFO  |  28672   4096     1  0.00     0.1993    0.2476     0.0546     0.1441     0.0000     0.0015     1.24x
09:58:10 | INFO  |  28672   4096    16  0.00     0.2938    0.2535     0.1388     0.1508     0.0000     0.0091     0.86x
09:58:10 | INFO  |  28672   4096    64  0.00     0.3575    0.2815     0.1807     0.1515     0.0000     0.0250     0.79x
09:58:11 | INFO  |  28672   4096   512  0.00     1.3708    0.7892     0.1805     1.0004     0.0000     0.1877     0.58x
09:58:12 | INFO  |  28672   4096  2048  0.00     4.9594    3.1732     0.1856     4.0687     0.0000     0.7665     0.64x
09:58:15 | INFO  |  28672   4096  8192  0.00    19.5105   12.1237     0.3374    16.2412     0.0000     2.9736     0.62x
09:58:15 | INFO  |  28672   4096     1  0.02     0.2252    0.2478     0.0547     0.1444     0.0679     0.0147     1.10x
09:58:16 | INFO  |  28672   4096    16  0.02     0.3215    0.2534     0.1390     0.1505     0.0684     0.0219     0.79x
09:58:16 | INFO  |  28672   4096    64  0.02     0.4441    0.2831     0.1815     0.1517     0.0681     0.0320     0.64x
09:58:17 | INFO  |  28672   4096   512  0.02     1.5006    0.7981     0.1788     0.9998     0.0696     0.2883     0.53x
09:58:17 | INFO  |  28672   4096  2048  0.02     5.6946    3.1951     0.1812     4.0227     0.2494     1.3590     0.56x
09:58:20 | INFO  |  28672   4096  8192  0.02    22.8422   11.8237     0.3277    16.2772     1.0445     5.5055     0.52x
09:58:20 | INFO  |  28672   4096     1  0.05     0.4690    0.2474     0.0550     0.1445     0.0691     0.0146     0.53x
09:58:20 | INFO  |  28672   4096    16  0.05     0.3390    0.2535     0.1390     0.1514     0.0685     0.0220     0.75x
09:58:20 | INFO  |  28672   4096    64  0.05     0.4106    0.2844     0.1798     0.1519     0.0683     0.0320     0.69x
09:58:21 | INFO  |  28672   4096   512  0.05     1.5422    0.8203     0.1797     0.9922     0.0929     0.2814     0.53x
09:58:21 | INFO  |  28672   4096  2048  0.05     5.8450    3.1359     0.1823     4.0260     0.3709     1.3630     0.54x
09:58:24 | INFO  |  28672   4096  8192  0.05    23.2979   11.8165     0.3280    16.2787     1.4960     5.5007     0.51x
09:58:24 | INFO  |  28672   4096     1  0.10     0.2617    0.2475     0.0549     0.1447     0.0698     0.0148     0.95x
09:58:24 | INFO  |  28672   4096    16  0.10     0.3592    0.2534     0.1391     0.2358     0.0698     0.0222     0.71x
09:58:24 | INFO  |  28672   4096    64  0.10     0.4371    0.2827     0.1819     0.1520     0.0693     0.0320     0.65x
09:58:24 | INFO  |  28672   4096   512  0.10     1.6031    0.8218     0.1797     0.9927     0.1541     0.2862     0.51x
09:58:25 | INFO  |  28672   4096  2048  0.10     6.0566    3.1022     0.1819     4.0498     0.5783     1.3600     0.51x
09:58:27 | INFO  |  28672   4096  8192  0.10    24.1263   11.8212     0.3435    16.3595     2.2427     5.4898     0.49x
09:58:27 | INFO  | csv saved to /root/Zip_kernel/triton/benchmarks/results/sweep_20260422_095619.csv
09:58:27 | INFO  | md saved to /root/Zip_kernel/triton/benchmarks/results/sweep_20260422_095619.md
