11:29:48 | DEBUG | log file: /root/Zip_kernel/triton/benchmarks/results/sweep_20260422_112948.log
11:29:48 | INFO  | V9 vs cuBLAS FP16 large-scale sweep
11:29:48 | INFO  | GPU: NVIDIA GeForce RTX 4090  |  torch=2.8.0+cu126  triton=3.4.0
11:29:48 | INFO  |  d_out   d_in    bs    hp     v9(ms)  fp16(ms)  quant(ms)  dense(ms) sparse(ms)   comb(ms)   speedup
11:29:51 | INFO  |   4096   4096     1  0.00     0.1406    0.0383     0.0618     0.0692     0.0000     0.0012     0.27x
11:29:53 | INFO  |   4096   4096    16  0.00     0.1490    0.0163     0.0615     0.0696     0.0000     0.0086     0.11x
11:29:55 | INFO  |   4096   4096    64  0.00     0.1486    0.0193     0.0613     0.0691     0.0000     0.0087     0.13x
11:29:57 | INFO  |   4096   4096   256  0.00     0.1624    0.0519     0.0618     0.0867     0.0000     0.0160     0.32x
11:30:00 | INFO  |   4096   4096  1024  0.00     0.4002    0.2184     0.0623     0.2882     0.0000     0.0528     0.55x
11:30:01 | INFO  |  11008   4096     1  0.00     0.1387    0.0966     0.0621     0.0698     0.0000     0.0012     0.70x
11:30:02 | INFO  |  11008   4096    16  0.00     0.1492    0.0993     0.0623     0.0689     0.0000     0.0084     0.67x
11:30:04 | INFO  |  11008   4096    64  0.00     0.1611    0.1039     0.0620     0.0925     0.0000     0.0107     0.64x
11:30:05 | INFO  |  11008   4096   256  0.00     0.3193    0.1720     0.0618     0.2206     0.0000     0.0387     0.54x
11:30:07 | INFO  |  11008   4096  1024  0.00     0.9760    0.6107     0.0618     0.7762     0.0000     0.1417     0.63x
11:30:21 | INFO  |   4096  11008     1  0.00     0.2578    0.0976     0.1182     0.1281     0.0000     0.0012     0.38x
11:30:23 | INFO  |   4096  11008    16  0.00     0.2799    0.0995     0.1518     0.1261     0.0000     0.0084     0.36x
11:30:26 | INFO  |   4096  11008    64  0.00     0.2846    0.1109     0.1520     0.1264     0.0000     0.0087     0.39x
11:30:28 | INFO  |   4096  11008   256  0.00     0.3976    0.1704     0.1531     0.2273     0.0000     0.0157     0.43x
11:30:31 | INFO  |   4096  11008  1024  0.00     0.9757    0.6134     0.1540     0.7598     0.0000     0.0532     0.63x
11:30:31 | INFO  | csv saved to /root/Zip_kernel/triton/benchmarks/results/sweep_20260422_112948.csv
11:30:31 | INFO  | md saved to /root/Zip_kernel/triton/benchmarks/results/sweep_20260422_112948.md
