10:06:48 | DEBUG | log file: /root/Zip_kernel/triton/benchmarks/results/sweep_20260422_100648.log
10:06:48 | INFO  | V9 vs cuBLAS FP16 large-scale sweep
10:06:48 | INFO  | GPU: NVIDIA GeForce RTX 4090  |  torch=2.8.0+cu126  triton=3.4.0
10:06:48 | INFO  |  d_out   d_in    bs    hp     v9(ms)  fp16(ms)  quant(ms)  dense(ms) sparse(ms)   comb(ms)   speedup
10:06:51 | INFO  |   4096   4096     1  0.00     0.1430    0.0387     0.0639     0.0867     0.0000     0.0014     0.27x
10:06:52 | INFO  |   4096   4096    16  0.00     0.1522    0.0167     0.0653     0.0879     0.0000     0.0089     0.11x
10:06:53 | INFO  |   4096   4096    64  0.00     0.1545    0.0196     0.0641     0.0883     0.0000     0.0092     0.13x
10:06:55 | INFO  |   4096   4096   512  0.00     0.2389    0.1117     0.0648     0.1515     0.0000     0.0275     0.47x
10:06:56 | INFO  |   4096   4096  2048  0.00     0.7330    0.4201     0.0651     0.5660     0.0000     0.1066     0.57x
10:06:58 | INFO  |   4096   4096  8192  0.00     2.8721    1.6939     0.1541     2.2172     0.0000     0.4440     0.59x
10:06:58 | INFO  |   4096   4096     1  0.02     0.2362    0.0385     0.0633     0.0881     0.0696     0.0146     0.16x
10:06:59 | INFO  |   4096   4096    16  0.02     0.2396    0.0173     0.0645     0.0887     0.0696     0.0245     0.07x
10:06:59 | INFO  |   4096   4096    64  0.02     0.2386    0.0196     0.0642     0.0895     0.0690     0.0219     0.08x
10:06:59 | INFO  |   4096   4096   512  0.02     0.2653    0.1125     0.0641     0.1513     0.0691     0.0351     0.42x
10:07:00 | INFO  |   4096   4096  2048  0.02     0.8019    0.4235     0.0643     0.5643     0.0700     0.1258     0.53x
10:07:01 | INFO  |   4096   4096  8192  0.02     3.3331    1.7272     0.1503     2.2530     0.1278     0.8005     0.52x
10:07:01 | INFO  |   4096   4096     1  0.05     0.2314    0.0166     0.0644     0.0882     0.0686     0.0146     0.07x
10:07:01 | INFO  |   4096   4096    16  0.05     0.2389    0.0168     0.0650     0.0891     0.0686     0.0219     0.07x
10:07:01 | INFO  |   4096   4096    64  0.05     0.2401    0.0199     0.0653     0.0895     0.0682     0.0223     0.08x
10:07:01 | INFO  |   4096   4096   512  0.05     0.2784    0.1128     0.0653     0.1516     0.0694     0.0351     0.41x
10:07:01 | INFO  |   4096   4096  2048  0.05     0.8299    0.4240     0.0657     0.5662     0.0701     0.1264     0.51x
10:07:01 | INFO  |   4096   4096  8192  0.05     3.4099    1.7111     0.1524     2.2188     0.1992     0.7962     0.50x
10:07:01 | INFO  |   4096   4096     1  0.10     0.2342    0.0171     0.0645     0.0893     0.0688     0.0147     0.07x
10:07:01 | INFO  |   4096   4096    16  0.10     0.2417    0.0165     0.0651     0.0889     0.0685     0.0219     0.07x
10:07:01 | INFO  |   4096   4096    64  0.10     0.2414    0.0202     0.0652     0.0895     0.0690     0.0222     0.08x
10:07:01 | INFO  |   4096   4096   512  0.10     0.2907    0.1129     0.0644     0.1515     0.0697     0.0350     0.39x
10:07:01 | INFO  |   4096   4096  2048  0.10     0.8606    0.4230     0.0653     0.5664     0.0958     0.1272     0.49x
10:07:02 | INFO  |   4096   4096  8192  0.10     3.5220    1.7394     0.1513     2.2694     0.3128     0.7930     0.49x
10:07:02 | INFO  |  11008   4096     1  0.00     0.1411    0.0972     0.0635     0.0887     0.0000     0.0015     0.69x
10:07:03 | INFO  |  11008   4096    16  0.00     0.1571    0.1001     0.0643     0.0959     0.0000     0.0090     0.64x
10:07:03 | INFO  |  11008   4096    64  0.00     0.1666    0.1045     0.0645     0.0975     0.0000     0.0110     0.63x
10:07:04 | INFO  |  11008   4096   512  0.00     0.5590    0.3231     0.0642     0.4285     0.0000     0.0715     0.58x
10:07:04 | INFO  |  11008   4096  2048  0.00     1.9025    1.2255     0.0648     1.5344     0.0000     0.2881     0.64x
10:07:06 | INFO  |  11008   4096  8192  0.00     7.4678    5.3431     0.1545     6.2113     0.0000     1.1980     0.72x
10:07:06 | INFO  |  11008   4096     1  0.02     0.2305    0.0972     0.0791     0.0898     0.0686     0.0145     0.42x
10:07:06 | INFO  |  11008   4096    16  0.02     0.2414    0.1001     0.0649     0.0974     0.0680     0.0246     0.41x
10:07:07 | INFO  |  11008   4096    64  0.02     0.2398    0.1044     0.0644     0.0978     0.0694     0.0224     0.44x
10:07:07 | INFO  |  11008   4096   512  0.02     0.6108    0.3222     0.0644     0.4284     0.0692     0.0856     0.53x
10:07:08 | INFO  |  11008   4096  2048  0.02     2.1405    1.1945     0.0645     1.5243     0.0742     0.4815     0.56x
10:07:09 | INFO  |  11008   4096  8192  0.02     8.7658    5.2006     0.1509     6.0737     0.4252     2.1932     0.59x
10:07:09 | INFO  |  11008   4096     1  0.05     0.2316    0.0730     0.0642     0.0950     0.0689     0.0150     0.32x
10:07:09 | INFO  |  11008   4096    16  0.05     0.2377    0.1001     0.0643     0.1030     0.0723     0.0221     0.42x
10:07:09 | INFO  |  11008   4096    64  0.05     0.2380    0.1038     0.0649     0.0975     0.0689     0.0219     0.44x
10:07:09 | INFO  |  11008   4096   512  0.05     0.6288    0.3251     0.0643     0.4288     0.0686     0.0857     0.52x
10:07:09 | INFO  |  11008   4096  2048  0.05     2.1991    1.2350     0.0643     1.5445     0.1283     0.4926     0.56x
10:07:10 | INFO  |  11008   4096  8192  0.05     8.8907    5.2723     0.1566     6.0866     0.5366     2.1689     0.59x
10:07:10 | INFO  |  11008   4096     1  0.10     0.2302    0.0727     0.0639     0.0913     0.0687     0.0147     0.32x
10:07:10 | INFO  |  11008   4096    16  0.10     0.2399    0.0996     0.0647     0.0967     0.0685     0.0221     0.42x
10:07:10 | INFO  |  11008   4096    64  0.10     0.2417    0.1048     0.0648     0.0978     0.0687     0.0218     0.43x
10:07:11 | INFO  |  11008   4096   512  0.10     0.6495    0.3252     0.0645     0.4286     0.0704     0.0856     0.50x
10:07:11 | INFO  |  11008   4096  2048  0.10     2.2851    1.2198     0.0652     1.5305     0.2032     0.4954     0.53x
10:07:12 | INFO  |  11008   4096  8192  0.10     9.1881    5.3287     0.1535     6.1357     0.8307     2.1983     0.58x
10:07:13 | INFO  |   4096  11008     1  0.00     0.3366    0.0982     0.1100     0.2285     0.0000     0.0014     0.29x
10:07:15 | INFO  |   4096  11008    16  0.00     0.3828    0.0995     0.1534     0.2287     0.0000     0.0090     0.26x
10:07:16 | INFO  |   4096  11008    64  0.00     0.3869    0.1105     0.1535     0.2299     0.0000     0.0091     0.29x
10:07:18 | INFO  |   4096  11008   512  0.00     0.5801    0.3207     0.1550     0.3968     0.0000     0.0282     0.55x
10:07:19 | INFO  |   4096  11008  2048  0.00     1.8328    1.1885     0.1596     1.5429     0.0000     0.1110     0.65x
10:07:22 | INFO  |   4096  11008  8192  0.00     7.2480    4.9315     0.6168     6.2845     0.0000     0.4613     0.68x
10:07:22 | INFO  |   4096  11008     1  0.02     0.3590    0.0982     0.1101     0.2282     0.0692     0.0146     0.27x
10:07:23 | INFO  |   4096  11008    16  0.02     0.4074    0.0999     0.1546     0.2293     0.0690     0.0221     0.25x
10:07:23 | INFO  |   4096  11008    64  0.02     0.4114    0.1115     0.1544     0.2305     0.0684     0.0220     0.27x
10:07:23 | INFO  |   4096  11008   512  0.02     0.6188    0.3200     0.1551     0.3959     0.0686     0.0354     0.52x
10:07:24 | INFO  |   4096  11008  2048  0.02     1.8997    1.2222     0.1568     1.5123     0.0695     0.1272     0.64x
10:07:25 | INFO  |   4096  11008  8192  0.02     7.6216    4.7816     0.6115     6.1278     0.1935     0.7941     0.63x
10:07:25 | INFO  |   4096  11008     1  0.05     0.3903    0.0725     0.1106     0.2298     0.0701     0.0145     0.19x
10:07:25 | INFO  |   4096  11008    16  0.05     0.4356    0.0999     0.1546     0.2301     0.0704     0.0223     0.23x
10:07:25 | INFO  |   4096  11008    64  0.05     0.4377    0.1112     0.1542     0.2310     0.0700     0.0220     0.25x
10:07:25 | INFO  |   4096  11008   512  0.05     0.6608    0.3222     0.1551     0.3967     0.0754     0.0351     0.49x
10:07:25 | INFO  |   4096  11008  2048  0.05     1.9864    1.2074     0.1578     1.5314     0.1251     0.1290     0.61x
10:07:26 | INFO  |   4096  11008  8192  0.05     7.8460    5.0069     0.6108     6.1266     0.3888     0.7962     0.64x
10:07:26 | INFO  |   4096  11008     1  0.10     0.4018    0.0736     0.1107     0.2296     0.0704     0.0148     0.18x
10:07:26 | INFO  |   4096  11008    16  0.10     0.4486    0.0996     0.1545     0.2305     0.0699     0.0222     0.22x
10:07:26 | INFO  |   4096  11008    64  0.10     0.4545    0.1107     0.1549     0.2318     0.0713     0.0220     0.24x
10:07:27 | INFO  |   4096  11008   512  0.10     0.6863    0.3215     0.1551     0.3969     0.1010     0.0350     0.47x
10:07:27 | INFO  |   4096  11008  2048  0.10     2.0863    1.2120     0.1575     1.5291     0.2060     0.1305     0.58x
10:07:28 | INFO  |   4096  11008  8192  0.10     8.1377    4.9432     0.6117     6.1308     0.7087     0.8049     0.61x
10:07:28 | INFO  |  14336   4096     1  0.00     0.1427    0.1260     0.0636     0.0889     0.0000     0.0015     0.88x
10:07:29 | INFO  |  14336   4096    16  0.00     0.1591    0.1286     0.0646     0.0969     0.0000     0.0090     0.81x
10:07:29 | INFO  |  14336   4096    64  0.00     0.1712    0.1414     0.0644     0.0982     0.0000     0.0140     0.83x
10:07:30 | INFO  |  14336   4096   512  0.00     0.6537    0.4178     0.0644     0.5006     0.0000     0.0921     0.64x
10:07:30 | INFO  |  14336   4096  2048  0.00     2.4748    1.6047     0.0640     2.0452     0.0000     0.3844     0.65x
10:07:32 | INFO  |  14336   4096  8192  0.00     9.7875    7.7341     0.1601     8.0850     0.0000     1.5472     0.79x
10:07:33 | INFO  |  14336   4096     1  0.02     0.2301    0.1259     0.0653     0.0907     0.0685     0.0146     0.55x
10:07:33 | INFO  |  14336   4096    16  0.02     0.2403    0.1286     0.0642     0.0968     0.0694     0.0219     0.54x
10:07:33 | INFO  |  14336   4096    64  0.02     0.2385    0.1417     0.0641     0.0983     0.0689     0.0217     0.59x
10:07:34 | INFO  |  14336   4096   512  0.02     0.7183    0.4144     0.0650     0.4981     0.0681     0.1088     0.58x
10:07:34 | INFO  |  14336   4096  2048  0.02     2.7842    1.5810     0.0643     1.9841     0.0975     0.6701     0.57x
10:07:36 | INFO  |  14336   4096  8192  0.02    11.2983    7.7759     0.1561     8.0306     0.5517     2.7581     0.69x
10:07:36 | INFO  |  14336   4096     1  0.05     0.2308    0.1080     0.0637     0.0892     0.0697     0.0146     0.47x
10:07:36 | INFO  |  14336   4096    16  0.05     0.2386    0.1283     0.0642     0.0969     0.0695     0.0218     0.54x
10:07:36 | INFO  |  14336   4096    64  0.05     0.2403    0.1417     0.0648     0.0987     0.0689     0.0219     0.59x
10:07:36 | INFO  |  14336   4096   512  0.05     0.7372    0.4153     0.0644     0.4994     0.0693     0.1089     0.56x
10:07:36 | INFO  |  14336   4096  2048  0.05     2.8722    1.5526     0.0650     1.9895     0.1571     0.6807     0.54x
10:07:38 | INFO  |  14336   4096  8192  0.05    11.5591    7.7915     0.1539     8.1258     0.6971     2.8662     0.67x
10:07:38 | INFO  |  14336   4096     1  0.10     0.2321    0.1089     0.0634     0.0934     0.0686     0.0149     0.47x
10:07:38 | INFO  |  14336   4096    16  0.10     0.2393    0.1284     0.0643     0.0977     0.0689     0.0224     0.54x
10:07:38 | INFO  |  14336   4096    64  0.10     0.2393    0.1411     0.0642     0.0985     0.0691     0.0218     0.59x
10:07:38 | INFO  |  14336   4096   512  0.10     0.7765    0.4147     0.0637     0.5005     0.0888     0.1094     0.53x
10:07:38 | INFO  |  14336   4096  2048  0.10     2.9991    1.5687     0.0643     1.9699     0.2638     0.6810     0.52x
10:07:39 | INFO  |  14336   4096  8192  0.10    11.9162    7.7502     0.1550     8.2494     1.0911     2.8562     0.65x
10:07:41 | INFO  |   4096  14336     1  0.00     0.4359    0.1265     0.1427     0.2953     0.0000     0.0015     0.29x
10:07:42 | INFO  |   4096  14336    16  0.00     0.4973    0.1281     0.1990     0.2978     0.0000     0.0089     0.26x
10:07:44 | INFO  |   4096  14336    64  0.00     0.5025    0.1432     0.1992     0.3002     0.0000     0.0094     0.29x
10:07:45 | INFO  |   4096  14336   512  0.00     0.7464    0.4191     0.2007     0.5185     0.0000     0.0278     0.56x
10:07:47 | INFO  |   4096  14336  2048  0.00     2.3795    1.5642     0.2198     2.0025     0.0000     0.1078     0.66x
10:07:50 | INFO  |   4096  14336  8192  0.00     9.4152    6.2219     0.7725     8.2479     0.0000     0.4575     0.66x
10:07:50 | INFO  |   4096  14336     1  0.02     0.4642    0.1266     0.1430     0.2962     0.0686     0.0166     0.27x
10:07:51 | INFO  |   4096  14336    16  0.02     0.5263    0.1285     0.1992     0.2991     0.0715     0.0223     0.24x
10:07:51 | INFO  |   4096  14336    64  0.02     0.5304    0.1453     0.1991     0.2999     0.0678     0.0219     0.27x
10:07:52 | INFO  |   4096  14336   512  0.02     0.7982    0.4175     0.1996     0.5158     0.0696     0.0351     0.52x
10:07:52 | INFO  |   4096  14336  2048  0.02     2.4614    1.5748     0.2257     2.0044     0.0719     0.1292     0.64x
10:07:54 | INFO  |   4096  14336  8192  0.02     9.6810    6.4802     0.7746     8.0422     0.2397     0.8154     0.67x
10:07:54 | INFO  |   4096  14336     1  0.05     0.5486    0.1072     0.1435     0.2971     0.0693     0.0146     0.20x
10:07:54 | INFO  |   4096  14336    16  0.05     0.5489    0.1278     0.1990     0.2976     0.0695     0.0220     0.23x
10:07:54 | INFO  |   4096  14336    64  0.05     0.5532    0.1443     0.1990     0.2995     0.0690     0.0223     0.26x
10:07:54 | INFO  |   4096  14336   512  0.05     0.8330    0.4196     0.1997     0.5163     0.0793     0.0358     0.50x
10:07:54 | INFO  |   4096  14336  2048  0.05     2.5589    1.5860     0.2231     1.9793     0.1426     0.1273     0.62x
10:07:55 | INFO  |   4096  14336  8192  0.05     9.9574    6.4491     0.7696     8.2795     0.4912     0.8068     0.65x
10:07:55 | INFO  |   4096  14336     1  0.10     0.5136    0.1082     0.1428     0.2954     0.0733     0.0148     0.21x
10:07:55 | INFO  |   4096  14336    16  0.10     0.5734    0.1280     0.1990     0.2973     0.0748     0.0219     0.22x
10:07:55 | INFO  |   4096  14336    64  0.10     0.5797    0.1439     0.1990     0.2999     0.0754     0.0232     0.25x
10:07:55 | INFO  |   4096  14336   512  0.10     0.8804    0.4190     0.1999     0.5167     0.1217     0.0354     0.48x
10:07:56 | INFO  |   4096  14336  2048  0.10     2.7468    1.5726     0.2191     2.0064     0.2588     0.1290     0.57x
10:07:57 | INFO  |   4096  14336  8192  0.10    10.3177    6.4865     0.7711     8.2425     0.8964     0.8053     0.63x
10:07:58 | INFO  |   8192   8192     1  0.00     0.2567    0.1437     0.0828     0.1751     0.0000     0.0014     0.56x
10:08:04 | INFO  |   8192   8192    16  0.00     0.2899    0.1498     0.1153     0.1732     0.0000     0.0090     0.52x
10:08:06 | INFO  |   8192   8192    64  0.00     0.2976    0.1574     0.1151     0.1750     0.0000     0.0087     0.53x
10:08:07 | INFO  |   8192   8192   512  0.00     0.7483    0.4516     0.1161     0.5786     0.0000     0.0528     0.60x
10:08:09 | INFO  |   8192   8192  2048  0.00     2.6301    1.7265     0.1196     2.2744     0.0000     0.2158     0.66x
10:08:12 | INFO  |   8192   8192  8192  0.00    10.6664    7.5183     0.4340     9.3312     0.0000     0.8963     0.70x
10:08:12 | INFO  |   8192   8192     1  0.02     0.2819    0.1437     0.0828     0.1754     0.0691     0.0145     0.51x
10:08:13 | INFO  |   8192   8192    16  0.02     0.3166    0.1512     0.1152     0.1743     0.0695     0.0221     0.48x
10:08:13 | INFO  |   8192   8192    64  0.02     0.3249    0.1567     0.1152     0.1752     0.0692     0.0221     0.48x
10:08:13 | INFO  |   8192   8192   512  0.02     0.8107    0.4515     0.1154     0.5771     0.0694     0.0641     0.56x
10:08:14 | INFO  |   8192   8192  2048  0.02     2.8002    1.7281     0.1184     2.2853     0.0877     0.3394     0.62x
10:08:16 | INFO  |   8192   8192  8192  0.02    11.3921    7.7263     0.4200     9.2518     0.3600     1.6184     0.68x
10:08:16 | INFO  |   8192   8192     1  0.05     0.2913    0.1286     0.0833     0.1763     0.0695     0.0147     0.44x
10:08:16 | INFO  |   8192   8192    16  0.05     0.3243    0.1509     0.1151     0.1742     0.0687     0.0224     0.47x
10:08:16 | INFO  |   8192   8192    64  0.05     0.3328    0.1576     0.1151     0.1754     0.0687     0.0221     0.47x
10:08:16 | INFO  |   8192   8192   512  0.05     0.8295    0.4564     0.1156     0.5774     0.0698     0.0642     0.55x
10:08:16 | INFO  |   8192   8192  2048  0.05     2.9143    1.7200     0.1190     2.2853     0.1587     0.3402     0.59x
10:08:17 | INFO  |   8192   8192  8192  0.05    11.6761    7.5008     0.4242     9.4122     0.6258     1.6198     0.64x
10:08:18 | INFO  |   8192   8192     1  0.10     0.3061    0.1302     0.0833     0.1760     0.0703     0.0146     0.43x
10:08:18 | INFO  |   8192   8192    16  0.10     0.3411    0.1502     0.1152     0.1742     0.0692     0.0222     0.44x
10:08:18 | INFO  |   8192   8192    64  0.10     0.3484    0.1566     0.1151     0.1754     0.0700     0.0223     0.45x
10:08:18 | INFO  |   8192   8192   512  0.10     0.8706    0.4560     0.1155     0.5778     0.0953     0.0655     0.52x
10:08:18 | INFO  |   8192   8192  2048  0.10     3.0554    1.7145     0.1198     2.2666     0.2792     0.3433     0.56x
10:08:19 | INFO  |   8192   8192  8192  0.10    12.1576    7.4850     0.4284     9.4110     1.0781     1.6083     0.62x
10:08:20 | INFO  |  28672   4096     1  0.00     0.1889    0.2477     0.0640     0.1446     0.0000     0.0014     1.31x
10:08:20 | INFO  |  28672   4096    16  0.00     0.2160    0.2537     0.0638     0.1511     0.0000     0.0089     1.17x
10:08:21 | INFO  |  28672   4096    64  0.00     0.2381    0.2810     0.0641     0.1519     0.0000     0.0251     1.18x
10:08:21 | INFO  |  28672   4096   512  0.00     1.2621    0.8224     0.0650     0.9987     0.0000     0.1863     0.65x
10:08:23 | INFO  |  28672   4096  2048  0.00     4.9110    3.1423     0.0649     4.0654     0.0000     0.7563     0.64x
10:08:25 | INFO  |  28672   4096  8192  0.00    19.5643   12.1229     0.1601    16.3678     0.0000     2.9917     0.62x
10:08:26 | INFO  |  28672   4096     1  0.02     0.2311    0.2478     0.0637     0.1446     0.0684     0.0145     1.07x
10:08:26 | INFO  |  28672   4096    16  0.02     0.2463    0.2536     0.0645     0.1510     0.0680     0.0223     1.03x
10:08:27 | INFO  |  28672   4096    64  0.02     0.2742    0.2829     0.0649     0.1521     0.0681     0.0319     1.03x
10:08:27 | INFO  |  28672   4096   512  0.02     1.3904    0.7931     0.0653     0.9927     0.0690     0.2891     0.57x
10:08:28 | INFO  |  28672   4096  2048  0.02     5.6241    3.1404     0.0646     4.0346     0.2501     1.3784     0.56x
10:08:31 | INFO  |  28672   4096  8192  0.02    22.7029   11.9324     0.1580    16.2969     1.0464     5.4940     0.53x
10:08:31 | INFO  |  28672   4096     1  0.05     0.2334    0.2475     0.0637     0.1447     0.0689     0.0148     1.06x
10:08:31 | INFO  |  28672   4096    16  0.05     0.2590    0.2531     0.0644     0.1512     0.0679     0.0221     0.98x
10:08:31 | INFO  |  28672   4096    64  0.05     0.2928    0.2842     0.0640     0.1521     0.0683     0.0319     0.97x
10:08:31 | INFO  |  28672   4096   512  0.05     1.4300    0.8218     0.0652     0.9956     0.0941     0.2835     0.57x
10:08:32 | INFO  |  28672   4096  2048  0.05     5.7812    3.1835     0.0651     4.0335     0.3725     1.3643     0.55x
10:08:34 | INFO  |  28672   4096  8192  0.05    23.1512   11.8979     0.1588    16.4069     1.4949     5.5141     0.51x
10:08:34 | INFO  |  28672   4096     1  0.10     0.2558    0.2475     0.0640     0.1447     0.0700     0.0149     0.97x
10:08:34 | INFO  |  28672   4096    16  0.10     0.2832    0.2533     0.0644     0.1508     0.0698     0.0221     0.89x
10:08:34 | INFO  |  28672   4096    64  0.10     0.3175    0.2815     0.0643     0.1522     0.0705     0.0319     0.89x
10:08:34 | INFO  |  28672   4096   512  0.10     1.4917    0.8213     0.0647     0.9970     0.1527     0.2824     0.55x
10:08:35 | INFO  |  28672   4096  2048  0.10     5.9809    3.1264     0.0651     4.0325     0.5744     1.3609     0.52x
10:08:37 | INFO  |  28672   4096  8192  0.10    24.0231   11.9412     0.1556    16.4892     2.2439     5.5035     0.50x
10:08:37 | INFO  | csv saved to /root/Zip_kernel/triton/benchmarks/results/sweep_20260422_100648.csv
10:08:37 | INFO  | md saved to /root/Zip_kernel/triton/benchmarks/results/sweep_20260422_100648.md
