10:02:53 | DEBUG | log file: /root/Zip_kernel/triton/benchmarks/results/sweep_20260422_100253.log
10:02:53 | INFO  | V9 vs cuBLAS FP16 large-scale sweep
10:02:53 | INFO  | GPU: NVIDIA GeForce RTX 4090  |  torch=2.8.0+cu126  triton=3.4.0
10:02:53 | INFO  |  d_out   d_in    bs    hp     v9(ms)  fp16(ms)  quant(ms)  dense(ms) sparse(ms)   comb(ms)   speedup
10:03:12 | INFO  |   4096   4096     1  0.00     0.1401    0.0389     0.0628     0.0867     0.0000     0.0015     0.28x
10:03:31 | INFO  |   4096   4096    16  0.00     0.1526    0.0168     0.0633     0.0871     0.0000     0.0091     0.11x
10:03:33 | INFO  |   4096   4096    64  0.00     0.1515    0.0196     0.0629     0.0885     0.0000     0.0090     0.13x
10:03:34 | INFO  |   4096   4096   512  0.00     0.2389    0.1124     0.0630     0.1517     0.0000     0.0276     0.47x
10:03:36 | INFO  |   4096   4096  2048  0.00     0.7324    0.4227     0.0641     0.5656     0.0000     0.1068     0.58x
10:03:37 | INFO  |   4096   4096  8192  0.00     2.8674    1.7245     0.1547     2.2473     0.0000     0.4430     0.60x
10:03:38 | INFO  |   4096   4096     1  0.02     0.2357    0.0385     0.0630     0.0873     0.0693     0.0147     0.16x
10:03:38 | INFO  |   4096   4096    16  0.02     0.2399    0.0168     0.0644     0.0880     0.0683     0.0219     0.07x
10:03:39 | INFO  |   4096   4096    64  0.02     0.2405    0.0196     0.0633     0.0887     0.0696     0.0216     0.08x
10:03:39 | INFO  |   4096   4096   512  0.02     0.2644    0.1121     0.0646     0.1508     0.0698     0.0350     0.42x
10:03:39 | INFO  |   4096   4096  2048  0.02     0.7991    0.4232     0.0630     0.5629     0.0693     0.1252     0.53x
10:03:40 | INFO  |   4096   4096  8192  0.02     3.3293    1.7264     0.1502     2.2575     0.1277     0.7995     0.52x
10:03:40 | INFO  |   4096   4096     1  0.05     0.2319    0.0178     0.0642     0.0943     0.0695     0.0147     0.08x
10:03:40 | INFO  |   4096   4096    16  0.05     0.2415    0.0168     0.0645     0.0951     0.0691     0.0217     0.07x
10:03:40 | INFO  |   4096   4096    64  0.05     0.2405    0.0199     0.0631     0.0887     0.0699     0.0220     0.08x
10:03:40 | INFO  |   4096   4096   512  0.05     0.2784    0.1132     0.0634     0.1515     0.0701     0.0351     0.41x
10:03:40 | INFO  |   4096   4096  2048  0.05     0.8293    0.4229     0.0699     0.5656     0.0701     0.1265     0.51x
10:03:41 | INFO  |   4096   4096  8192  0.05     3.4056    1.7258     0.1521     2.2254     0.1996     0.7925     0.51x
10:03:41 | INFO  |   4096   4096     1  0.10     0.2291    0.0173     0.0629     0.0880     0.0691     0.0145     0.08x
10:03:41 | INFO  |   4096   4096    16  0.10     0.2378    0.0165     0.0632     0.0892     0.0693     0.0220     0.07x
10:03:41 | INFO  |   4096   4096    64  0.10     0.2374    0.0202     0.0624     0.0893     0.0687     0.0218     0.08x
10:03:41 | INFO  |   4096   4096   512  0.10     0.2907    0.1130     0.0635     0.1516     0.0699     0.0351     0.39x
10:03:41 | INFO  |   4096   4096  2048  0.10     0.8606    0.4260     0.0629     0.5652     0.0959     0.1257     0.49x
10:03:41 | INFO  |   4096   4096  8192  0.10     3.5223    1.7024     0.1517     2.2574     0.3130     0.7922     0.48x
10:03:42 | INFO  |  11008   4096     1  0.00     0.1416    0.0971     0.0621     0.0887     0.0000     0.0016     0.69x
10:03:42 | INFO  |  11008   4096    16  0.00     0.1569    0.1007     0.0632     0.0957     0.0000     0.0090     0.64x
10:03:42 | INFO  |  11008   4096    64  0.00     0.1669    0.1044     0.0637     0.0976     0.0000     0.0113     0.63x
10:03:43 | INFO  |  11008   4096   512  0.00     0.5591    0.3233     0.0638     0.4285     0.0000     0.0716     0.58x
10:03:44 | INFO  |  11008   4096  2048  0.00     1.8917    1.2265     0.0642     1.5389     0.0000     0.2911     0.65x
10:03:45 | INFO  |  11008   4096  8192  0.00     7.4510    5.2826     0.1546     6.2222     0.0000     1.1949     0.71x
10:03:46 | INFO  |  11008   4096     1  0.02     0.2312    0.0971     0.0624     0.0887     0.0695     0.0145     0.42x
10:03:46 | INFO  |  11008   4096    16  0.02     0.2396    0.1003     0.0641     0.0970     0.0699     0.0218     0.42x
10:03:46 | INFO  |  11008   4096    64  0.02     0.2409    0.1042     0.0636     0.0978     0.0693     0.0218     0.43x
10:03:47 | INFO  |  11008   4096   512  0.02     0.6113    0.3226     0.0637     0.4285     0.0697     0.0857     0.53x
10:03:47 | INFO  |  11008   4096  2048  0.02     2.1432    1.2159     0.0643     1.5267     0.0738     0.4857     0.57x
10:03:48 | INFO  |  11008   4096  8192  0.02     8.7795    5.1967     0.1517     6.0793     0.4258     2.1931     0.59x
10:03:48 | INFO  |  11008   4096     1  0.05     0.2310    0.0734     0.0624     0.1094     0.0691     0.0145     0.32x
10:03:49 | INFO  |  11008   4096    16  0.05     0.2398    0.0995     0.0637     0.0959     0.0687     0.0215     0.41x
10:03:49 | INFO  |  11008   4096    64  0.05     0.2387    0.1038     0.0631     0.0976     0.0689     0.0217     0.43x
10:03:49 | INFO  |  11008   4096   512  0.05     0.6280    0.3247     0.0634     0.4285     0.0692     0.0857     0.52x
10:03:49 | INFO  |  11008   4096  2048  0.05     2.2023    1.2142     0.0635     1.5296     0.1239     0.4868     0.55x
10:03:50 | INFO  |  11008   4096  8192  0.05     8.8914    5.2157     0.1537     6.0972     0.5367     2.1993     0.59x
10:03:50 | INFO  |  11008   4096     1  0.10     0.2329    0.0728     0.0636     0.0896     0.0701     0.0144     0.31x
10:03:50 | INFO  |  11008   4096    16  0.10     0.2393    0.1000     0.0637     0.0970     0.0696     0.0219     0.42x
10:03:50 | INFO  |  11008   4096    64  0.10     0.2412    0.1049     0.0641     0.0978     0.0698     0.0216     0.43x
10:03:50 | INFO  |  11008   4096   512  0.10     0.6511    0.3251     0.0633     0.4285     0.0705     0.0857     0.50x
10:03:50 | INFO  |  11008   4096  2048  0.10     2.2946    1.2148     0.0646     1.5467     0.2013     0.4931     0.53x
10:03:51 | INFO  |  11008   4096  8192  0.10     9.1405    5.3055     0.1532     6.0920     0.8301     2.1673     0.58x
10:04:11 | INFO  |   4096  11008     1  0.00     0.3353    0.0982     0.1095     0.2277     0.0000     0.0015     0.29x
10:04:30 | INFO  |   4096  11008    16  0.00     0.3840    0.0997     0.1544     0.2301     0.0000     0.0122     0.26x
10:04:31 | INFO  |   4096  11008    64  0.00     0.3866    0.1105     0.1536     0.2299     0.0000     0.0090     0.29x
10:04:33 | INFO  |   4096  11008   512  0.00     0.5794    0.3160     0.1551     0.3959     0.0000     0.0281     0.55x
10:04:34 | INFO  |   4096  11008  2048  0.00     1.8102    1.1751     0.1573     1.5204     0.0000     0.1094     0.65x
10:04:37 | INFO  |   4096  11008  8192  0.00     7.1502    4.8562     0.6143     6.2554     0.0000     0.4574     0.68x
10:04:37 | INFO  |   4096  11008     1  0.02     0.3589    0.0984     0.1100     0.2282     0.0690     0.0146     0.27x
10:04:37 | INFO  |   4096  11008    16  0.02     0.4076    0.0999     0.1894     0.2295     0.0692     0.0216     0.25x
10:04:38 | INFO  |   4096  11008    64  0.02     0.4118    0.1115     0.1547     0.2305     0.0698     0.0218     0.27x
10:04:38 | INFO  |   4096  11008   512  0.02     0.6181    0.3166     0.1550     0.3954     0.0705     0.0354     0.51x
10:04:39 | INFO  |   4096  11008  2048  0.02     1.8926    1.1962     0.1568     1.5190     0.0703     0.1265     0.63x
10:04:40 | INFO  |   4096  11008  8192  0.02     7.5797    4.7803     0.6117     6.0807     0.1929     0.7927     0.63x
10:04:40 | INFO  |   4096  11008     1  0.05     0.4034    0.0722     0.1156     0.2394     0.0699     0.0145     0.18x
10:04:40 | INFO  |   4096  11008    16  0.05     0.4325    0.1000     0.1543     0.2292     0.0697     0.0217     0.23x
10:04:40 | INFO  |   4096  11008    64  0.05     0.4374    0.1113     0.1542     0.2308     0.0703     0.0217     0.25x
10:04:40 | INFO  |   4096  11008   512  0.05     0.6605    0.3182     0.1550     0.3962     0.0754     0.0352     0.48x
10:04:40 | INFO  |   4096  11008  2048  0.05     1.9735    1.1987     0.1576     1.5288     0.1265     0.1285     0.61x
10:04:41 | INFO  |   4096  11008  8192  0.05     7.7981    4.9148     0.6115     6.0928     0.3964     0.7956     0.63x
10:04:41 | INFO  |   4096  11008     1  0.10     0.4247    0.0737     0.1113     0.2283     0.0699     0.0145     0.17x
10:04:41 | INFO  |   4096  11008    16  0.10     0.4484    0.0996     0.1543     0.2298     0.0701     0.0218     0.22x
10:04:41 | INFO  |   4096  11008    64  0.10     0.4538    0.1109     0.1547     0.2310     0.0698     0.0217     0.24x
10:04:41 | INFO  |   4096  11008   512  0.10     0.6860    0.3189     0.1550     0.3967     0.1011     0.0352     0.46x
10:04:42 | INFO  |   4096  11008  2048  0.10     2.0817    1.1988     0.1583     1.5118     0.2034     0.1274     0.58x
10:04:42 | INFO  |   4096  11008  8192  0.10     8.0953    4.9202     0.6118     6.1276     0.7064     0.8005     0.61x
10:04:43 | INFO  |  14336   4096     1  0.00     0.1404    0.1259     0.0616     0.0889     0.0000     0.0015     0.90x
10:04:43 | INFO  |  14336   4096    16  0.00     0.1588    0.1286     0.0627     0.0965     0.0000     0.0088     0.81x
10:04:44 | INFO  |  14336   4096    64  0.00     0.1712    0.1417     0.0632     0.0982     0.0000     0.0141     0.83x
10:04:44 | INFO  |  14336   4096   512  0.00     0.6534    0.4147     0.0632     0.4994     0.0000     0.0922     0.63x
10:04:45 | INFO  |  14336   4096  2048  0.00     2.4576    1.6039     0.0627     2.0307     0.0000     0.3844     0.65x
10:04:47 | INFO  |  14336   4096  8192  0.00     9.7907    7.7335     0.1600     8.1088     0.0000     1.5368     0.79x
10:04:47 | INFO  |  14336   4096     1  0.02     0.2315    0.1259     0.0633     0.0892     0.0683     0.0144     0.54x
10:04:48 | INFO  |  14336   4096    16  0.02     0.2384    0.1286     0.0629     0.0971     0.0682     0.0220     0.54x
10:04:48 | INFO  |  14336   4096    64  0.02     0.2403    0.1417     0.0637     0.0980     0.0686     0.0216     0.59x
10:04:48 | INFO  |  14336   4096   512  0.02     0.7179    0.4128     0.0639     0.4981     0.0689     0.1087     0.58x
10:04:49 | INFO  |  14336   4096  2048  0.02     2.7782    1.5519     0.0639     1.9750     0.0980     0.6763     0.56x
10:04:51 | INFO  |  14336   4096  8192  0.02    11.2736    7.7659     0.1564     7.9716     0.5513     2.7671     0.69x
10:04:51 | INFO  |  14336   4096     1  0.05     0.3294    0.1084     0.0899     0.1014     0.0984     0.0193     0.33x
10:04:51 | INFO  |  14336   4096    16  0.05     0.3432    0.1286     0.0919     0.1009     0.0995     0.0292     0.37x
10:04:51 | INFO  |  14336   4096    64  0.05     0.3427    0.1432     0.0904     0.1011     0.0976     0.0293     0.42x
10:04:51 | INFO  |  14336   4096   512  0.05     0.7393    0.4139     0.0912     0.5006     0.0983     0.1090     0.56x
10:04:51 | INFO  |  14336   4096  2048  0.05     2.8748    1.5726     0.0907     1.9949     0.1585     0.6761     0.55x
10:04:52 | INFO  |  14336   4096  8192  0.05    11.5371    7.7928     0.1550     8.1743     0.7021     2.8658     0.68x
10:04:53 | INFO  |  14336   4096     1  0.10     0.3276    0.1089     0.0891     0.1017     0.0982     0.0196     0.33x
10:04:53 | INFO  |  14336   4096    16  0.10     0.3398    0.1285     0.0897     0.1003     0.0986     0.0293     0.38x
10:04:53 | INFO  |  14336   4096    64  0.10     0.3390    0.1412     0.0901     0.1012     0.0991     0.0290     0.42x
10:04:53 | INFO  |  14336   4096   512  0.10     0.7751    0.4150     0.0906     0.4993     0.1006     0.1090     0.54x
10:04:53 | INFO  |  14336   4096  2048  0.10     2.9750    1.5890     0.0892     1.9860     0.2644     0.6810     0.53x
10:04:54 | INFO  |  14336   4096  8192  0.10    11.9242    7.7491     0.1556     8.1828     1.0769     2.8523     0.65x
10:05:15 | INFO  |   4096  14336     1  0.00     0.4351    0.1266     0.1429     0.2951     0.0000     0.0023     0.29x
10:05:35 | INFO  |   4096  14336    16  0.00     0.4950    0.1282     0.1979     0.2963     0.0000     0.0088     0.26x
10:05:37 | INFO  |   4096  14336    64  0.00     0.4998    0.1433     0.1979     0.2984     0.0000     0.0088     0.29x
10:05:39 | INFO  |   4096  14336   512  0.00     0.7424    0.4104     0.1996     0.5162     0.0000     0.0277     0.55x
10:05:40 | INFO  |   4096  14336  2048  0.00     2.3462    1.5425     0.2180     1.9912     0.0000     0.1070     0.66x
10:05:43 | INFO  |   4096  14336  8192  0.00     9.2637    6.0950     0.7698     8.1212     0.0000     0.4454     0.66x
10:05:43 | INFO  |   4096  14336     1  0.02     0.4631    0.1265     0.1431     0.2950     0.0690     0.0142     0.27x
10:05:44 | INFO  |   4096  14336    16  0.02     0.5250    0.1283     0.1991     0.2976     0.0687     0.0212     0.24x
10:05:44 | INFO  |   4096  14336    64  0.02     0.5303    0.1452     0.1991     0.2993     0.0695     0.0215     0.27x
10:05:45 | INFO  |   4096  14336   512  0.02     0.7971    0.4117     0.1996     0.5148     0.0703     0.0351     0.52x
10:05:45 | INFO  |   4096  14336  2048  0.02     2.4409    1.5365     0.2236     2.0005     0.0722     0.1286     0.63x
10:05:47 | INFO  |   4096  14336  8192  0.02     9.6144    6.4256     0.7681     7.9153     0.2344     0.8091     0.67x
10:05:47 | INFO  |   4096  14336     1  0.05     0.4883    0.1071     0.1435     0.2970     0.0705     0.0143     0.22x
10:05:47 | INFO  |   4096  14336    16  0.05     0.5487    0.1279     0.1990     0.2979     0.0704     0.0216     0.23x
10:05:47 | INFO  |   4096  14336    64  0.05     0.5534    0.1444     0.1990     0.2995     0.0702     0.0218     0.26x
10:05:47 | INFO  |   4096  14336   512  0.05     0.8324    0.4143     0.1996     0.5155     0.0793     0.0359     0.50x
10:05:47 | INFO  |   4096  14336  2048  0.05     2.5434    1.5697     0.2212     1.9747     0.1450     0.1291     0.62x
10:05:48 | INFO  |   4096  14336  8192  0.05     9.8602    6.4231     0.7685     8.1518     0.4873     0.8135     0.65x
10:05:48 | INFO  |   4096  14336     1  0.10     0.5132    0.1081     0.1439     0.2950     0.0733     0.0142     0.21x
10:05:48 | INFO  |   4096  14336    16  0.10     0.5740    0.1281     0.1989     0.2979     0.0749     0.0214     0.22x
10:05:48 | INFO  |   4096  14336    64  0.10     0.5796    0.1439     0.1990     0.2994     0.0755     0.0215     0.25x
10:05:48 | INFO  |   4096  14336   512  0.10     0.8769    0.4155     0.1998     0.5158     0.1215     0.0355     0.47x
10:05:49 | INFO  |   4096  14336  2048  0.10     2.6544    1.5579     0.2218     2.0018     0.2611     0.1295     0.59x
10:05:50 | INFO  |   4096  14336  8192  0.10    10.2918    6.2868     0.7707     8.1891     0.8907     0.7997     0.61x
10:06:09 | INFO  |   8192   8192     1  0.00     0.2556    0.1437     0.0824     0.1745     0.0000     0.0016     0.56x
